node_modules/@types/css-font-loading-module/index.d.ts(44,9): error TS2717: Subsequent property declarations must have the same type.  Property 'onloading' must be of type '(this: FontFaceSet, ev: FontFaceSetLoadEvent) => any', but here has type '(this: FontFaceSet, event: Event) => any'.
node_modules/@types/css-font-loading-module/index.d.ts(45,9): error TS2717: Subsequent property declarations must have the same type.  Property 'onloadingdone' must be of type '(this: FontFaceSet, ev: FontFaceSetLoadEvent) => any', but here has type '(this: FontFaceSet, event: Event) => any'.
node_modules/@types/css-font-loading-module/index.d.ts(46,9): error TS2717: Subsequent property declarations must have the same type.  Property 'onloadingerror' must be of type '(this: FontFaceSet, ev: FontFaceSetLoadEvent) => any', but here has type '(this: FontFaceSet, event: Event) => any'.
node_modules/sonner/dist/index.d.ts(1,8): error TS1259: Module '"C:/Users/konet/shelfmerch-new-repo/shelfmerch/node_modules/@types/react/index"' can only be default-imported using the 'esModuleInterop' flag
src/pages/Designer.tsx(1,8): error TS1259: Module '"C:/Users/konet/shelfmerch-new-repo/shelfmerch/node_modules/@types/react/index"' can only be default-imported using the 'esModuleInterop' flag
src/pages/Designer.tsx(3,24): error TS2307: Cannot find module '@/components/ui/button' or its corresponding type declarations.
src/pages/Designer.tsx(4,58): error TS2307: Cannot find module '@/components/ui/tabs' or its corresponding type declarations.
src/pages/Designer.tsx(5,23): error TS2307: Cannot find module '@/components/ui/input' or its corresponding type declarations.
src/pages/Designer.tsx(6,23): error TS2307: Cannot find module '@/components/ui/label' or its corresponding type declarations.
src/pages/Designer.tsx(25,25): error TS2307: Cannot find module '@/contexts/AuthContext' or its corresponding type declarations.
src/pages/Designer.tsx(26,25): error TS2307: Cannot find module '@/contexts/DataContext' or its corresponding type declarations.
src/pages/Designer.tsx(27,25): error TS2307: Cannot find module '@/types' or its corresponding type declarations.
src/pages/Designer.tsx(28,30): error TS2307: Cannot find module '@/components/StoreWizardModal' or its corresponding type declarations.
src/pages/Designer.tsx(166,5): error TS17004: Cannot use JSX unless the '--jsx' flag is provided.
src/pages/Designer.tsx(168,7): error TS17004: Cannot use JSX unless the '--jsx' flag is provided.
src/pages/Designer.tsx(169,9): error TS17004: Cannot use JSX unless the '--jsx' flag is provided.
src/pages/Designer.tsx(170,11): error TS17004: Cannot use JSX unless the '--jsx' flag is provided.
src/pages/Designer.tsx(171,13): error TS17004: Cannot use JSX unless the '--jsx' flag is provided.
src/pages/Designer.tsx(173,11): error TS17004: Cannot use JSX unless the '--jsx' flag is provided.
src/pages/Designer.tsx(174,13): error TS17004: Cannot use JSX unless the '--jsx' flag is provided.
src/pages/Designer.tsx(176,11): error TS17004: Cannot use JSX unless the '--jsx' flag is provided.
src/pages/Designer.tsx(177,13): error TS17004: Cannot use JSX unless the '--jsx' flag is provided.
src/pages/Designer.tsx(181,9): error TS17004: Cannot use JSX unless the '--jsx' flag is provided.
src/pages/Designer.tsx(182,11): error TS17004: Cannot use JSX unless the '--jsx' flag is provided.
src/pages/Designer.tsx(185,9): error TS17004: Cannot use JSX unless the '--jsx' flag is provided.
src/pages/Designer.tsx(186,11): error TS17004: Cannot use JSX unless the '--jsx' flag is provided.
src/pages/Designer.tsx(191,13): error TS17004: Cannot use JSX unless the '--jsx' flag is provided.
src/pages/Designer.tsx(197,7): error TS17004: Cannot use JSX unless the '--jsx' flag is provided.
src/pages/Designer.tsx(199,9): error TS17004: Cannot use JSX unless the '--jsx' flag is provided.
src/pages/Designer.tsx(200,11): error TS17004: Cannot use JSX unless the '--jsx' flag is provided.
src/pages/Designer.tsx(201,13): error TS17004: Cannot use JSX unless the '--jsx' flag is provided.
src/pages/Designer.tsx(202,13): error TS17004: Cannot use JSX unless the '--jsx' flag is provided.
src/pages/Designer.tsx(209,13): error TS17004: Cannot use JSX unless the '--jsx' flag is provided.
src/pages/Designer.tsx(214,15): error TS17004: Cannot use JSX unless the '--jsx' flag is provided.
src/pages/Designer.tsx(219,11): error TS17004: Cannot use JSX unless the '--jsx' flag is provided.
src/pages/Designer.tsx(220,13): error TS17004: Cannot use JSX unless the '--jsx' flag is provided.
src/pages/Designer.tsx(221,13): error TS17004: Cannot use JSX unless the '--jsx' flag is provided.
src/pages/Designer.tsx(222,15): error TS17004: Cannot use JSX unless the '--jsx' flag is provided.
src/pages/Designer.tsx(228,15): error TS17004: Cannot use JSX unless the '--jsx' flag is provided.
src/pages/Designer.tsx(233,17): error TS17004: Cannot use JSX unless the '--jsx' flag is provided.
src/pages/Designer.tsx(239,11): error TS17004: Cannot use JSX unless the '--jsx' flag is provided.
src/pages/Designer.tsx(240,13): error TS17004: Cannot use JSX unless the '--jsx' flag is provided.
src/pages/Designer.tsx(241,13): error TS17004: Cannot use JSX unless the '--jsx' flag is provided.
src/pages/Designer.tsx(242,15): error TS17004: Cannot use JSX unless the '--jsx' flag is provided.
src/pages/Designer.tsx(243,17): error TS17004: Cannot use JSX unless the '--jsx' flag is provided.
src/pages/Designer.tsx(246,15): error TS17004: Cannot use JSX unless the '--jsx' flag is provided.
src/pages/Designer.tsx(247,17): error TS17004: Cannot use JSX unless the '--jsx' flag is provided.
src/pages/Designer.tsx(250,15): error TS17004: Cannot use JSX unless the '--jsx' flag is provided.
src/pages/Designer.tsx(251,17): error TS17004: Cannot use JSX unless the '--jsx' flag is provided.
src/pages/Designer.tsx(259,9): error TS17004: Cannot use JSX unless the '--jsx' flag is provided.
src/pages/Designer.tsx(262,13): error TS17004: Cannot use JSX unless the '--jsx' flag is provided.
src/pages/Designer.tsx(263,15): error TS17004: Cannot use JSX unless the '--jsx' flag is provided.
src/pages/Designer.tsx(264,17): error TS17004: Cannot use JSX unless the '--jsx' flag is provided.
src/pages/Designer.tsx(266,15): error TS17004: Cannot use JSX unless the '--jsx' flag is provided.
src/pages/Designer.tsx(267,15): error TS17004: Cannot use JSX unless the '--jsx' flag is provided.
src/pages/Designer.tsx(268,17): error TS17004: Cannot use JSX unless the '--jsx' flag is provided.
src/pages/Designer.tsx(270,15): error TS17004: Cannot use JSX unless the '--jsx' flag is provided.
src/pages/Designer.tsx(271,17): error TS17004: Cannot use JSX unless the '--jsx' flag is provided.
src/pages/Designer.tsx(277,11): error TS17004: Cannot use JSX unless the '--jsx' flag is provided.
src/pages/Designer.tsx(278,13): error TS17004: Cannot use JSX unless the '--jsx' flag is provided.
src/pages/Designer.tsx(280,15): error TS17004: Cannot use JSX unless the '--jsx' flag is provided.
src/pages/Designer.tsx(287,15): error TS17004: Cannot use JSX unless the '--jsx' flag is provided.
src/pages/Designer.tsx(289,15): error TS17004: Cannot use JSX unless the '--jsx' flag is provided.
src/pages/Designer.tsx(290,15): error TS17004: Cannot use JSX unless the '--jsx' flag is provided.
src/pages/Designer.tsx(293,15): error TS17004: Cannot use JSX unless the '--jsx' flag is provided.
src/pages/Designer.tsx(307,17): error TS17004: Cannot use JSX unless the '--jsx' flag is provided.
src/pages/Designer.tsx(309,21): error TS17004: Cannot use JSX unless the '--jsx' flag is provided.
src/pages/Designer.tsx(318,21): error TS17004: Cannot use JSX unless the '--jsx' flag is provided.
src/pages/Designer.tsx(329,21): error TS17004: Cannot use JSX unless the '--jsx' flag is provided.
src/pages/Designer.tsx(344,13): error TS17004: Cannot use JSX unless the '--jsx' flag is provided.
src/pages/Designer.tsx(345,15): error TS17004: Cannot use JSX unless the '--jsx' flag is provided.
src/pages/Designer.tsx(352,15): error TS17004: Cannot use JSX unless the '--jsx' flag is provided.
src/pages/Designer.tsx(363,11): error TS17004: Cannot use JSX unless the '--jsx' flag is provided.
src/pages/Designer.tsx(364,13): error TS17004: Cannot use JSX unless the '--jsx' flag is provided.
src/pages/Designer.tsx(369,15): error TS17004: Cannot use JSX unless the '--jsx' flag is provided.
src/pages/Designer.tsx(371,13): error TS17004: Cannot use JSX unless the '--jsx' flag is provided.
src/pages/Designer.tsx(372,13): error TS17004: Cannot use JSX unless the '--jsx' flag is provided.
src/pages/Designer.tsx(377,15): error TS17004: Cannot use JSX unless the '--jsx' flag is provided.
src/pages/Designer.tsx(383,9): error TS17004: Cannot use JSX unless the '--jsx' flag is provided.
src/pages/Designer.tsx(384,11): error TS17004: Cannot use JSX unless the '--jsx' flag is provided.
src/pages/Designer.tsx(385,13): error TS17004: Cannot use JSX unless the '--jsx' flag is provided.
src/pages/Designer.tsx(386,15): error TS17004: Cannot use JSX unless the '--jsx' flag is provided.
src/pages/Designer.tsx(387,15): error TS17004: Cannot use JSX unless the '--jsx' flag is provided.
src/pages/Designer.tsx(388,17): error TS17004: Cannot use JSX unless the '--jsx' flag is provided.
src/pages/Designer.tsx(392,13): error TS17004: Cannot use JSX unless the '--jsx' flag is provided.
src/pages/Designer.tsx(393,15): error TS17004: Cannot use JSX unless the '--jsx' flag is provided.
src/pages/Designer.tsx(394,17): error TS17004: Cannot use JSX unless the '--jsx' flag is provided.
src/pages/Designer.tsx(395,17): error TS17004: Cannot use JSX unless the '--jsx' flag is provided.
src/pages/Designer.tsx(396,17): error TS17004: Cannot use JSX unless the '--jsx' flag is provided.
src/pages/Designer.tsx(399,15): error TS17004: Cannot use JSX unless the '--jsx' flag is provided.
src/pages/Designer.tsx(400,17): error TS17004: Cannot use JSX unless the '--jsx' flag is provided.
src/pages/Designer.tsx(401,19): error TS17004: Cannot use JSX unless the '--jsx' flag is provided.
src/pages/Designer.tsx(402,19): error TS17004: Cannot use JSX unless the '--jsx' flag is provided.
src/pages/Designer.tsx(410,17): error TS17004: Cannot use JSX unless the '--jsx' flag is provided.
src/pages/Designer.tsx(411,19): error TS17004: Cannot use JSX unless the '--jsx' flag is provided.
src/pages/Designer.tsx(412,21): error TS17004: Cannot use JSX unless the '--jsx' flag is provided.
src/pages/Designer.tsx(415,19): error TS17004: Cannot use JSX unless the '--jsx' flag is provided.
src/pages/Designer.tsx(426,17): error TS17004: Cannot use JSX unless the '--jsx' flag is provided.
src/pages/Designer.tsx(427,19): error TS17004: Cannot use JSX unless the '--jsx' flag is provided.
src/pages/Designer.tsx(428,19): error TS17004: Cannot use JSX unless the '--jsx' flag is provided.
src/pages/Designer.tsx(437,19): error TS17004: Cannot use JSX unless the '--jsx' flag is provided.
src/pages/Designer.tsx(442,17): error TS17004: Cannot use JSX unless the '--jsx' flag is provided.
src/pages/Designer.tsx(443,19): error TS17004: Cannot use JSX unless the '--jsx' flag is provided.
src/pages/Designer.tsx(444,21): error TS17004: Cannot use JSX unless the '--jsx' flag is provided.
src/pages/Designer.tsx(445,21): error TS17004: Cannot use JSX unless the '--jsx' flag is provided.
src/pages/Designer.tsx(448,21): error TS17004: Cannot use JSX unless the '--jsx' flag is provided.
src/pages/Designer.tsx(449,23): error TS17004: Cannot use JSX unless the '--jsx' flag is provided.
src/pages/Designer.tsx(450,23): error TS17004: Cannot use JSX unless the '--jsx' flag is provided.
src/pages/Designer.tsx(458,15): error TS17004: Cannot use JSX unless the '--jsx' flag is provided.
src/pages/Designer.tsx(459,17): error TS17004: Cannot use JSX unless the '--jsx' flag is provided.
src/pages/Designer.tsx(460,19): error TS17004: Cannot use JSX unless the '--jsx' flag is provided.
src/pages/Designer.tsx(461,21): error TS17004: Cannot use JSX unless the '--jsx' flag is provided.
src/pages/Designer.tsx(462,21): error TS17004: Cannot use JSX unless the '--jsx' flag is provided.
src/pages/Designer.tsx(466,19): error TS17004: Cannot use JSX unless the '--jsx' flag is provided.
src/pages/Designer.tsx(467,21): error TS17004: Cannot use JSX unless the '--jsx' flag is provided.
src/pages/Designer.tsx(468,21): error TS17004: Cannot use JSX unless the '--jsx' flag is provided.
src/pages/Designer.tsx(469,21): error TS17004: Cannot use JSX unless the '--jsx' flag is provided.
src/pages/Designer.tsx(473,17): error TS17004: Cannot use JSX unless the '--jsx' flag is provided.
src/pages/Designer.tsx(474,19): error TS17004: Cannot use JSX unless the '--jsx' flag is provided.
src/pages/Designer.tsx(475,19): error TS17004: Cannot use JSX unless the '--jsx' flag is provided.
src/pages/Designer.tsx(477,23): error TS17004: Cannot use JSX unless the '--jsx' flag is provided.
src/pages/Designer.tsx(490,15): error TS17004: Cannot use JSX unless the '--jsx' flag is provided.
src/pages/Designer.tsx(492,19): error TS17004: Cannot use JSX unless the '--jsx' flag is provided.
src/pages/Designer.tsx(496,19): error TS17004: Cannot use JSX unless the '--jsx' flag is provided.
src/pages/Designer.tsx(498,23): error TS17004: Cannot use JSX unless the '--jsx' flag is provided.
src/pages/Designer.tsx(505,25): error TS17004: Cannot use JSX unless the '--jsx' flag is provided.
src/pages/Designer.tsx(506,27): error TS17004: Cannot use JSX unless the '--jsx' flag is provided.
src/pages/Designer.tsx(508,31): error TS17004: Cannot use JSX unless the '--jsx' flag is provided.
src/pages/Designer.tsx(510,31): error TS17004: Cannot use JSX unless the '--jsx' flag is provided.
src/pages/Designer.tsx(512,29): error TS17004: Cannot use JSX unless the '--jsx' flag is provided.
src/pages/Designer.tsx(516,27): error TS17004: Cannot use JSX unless the '--jsx' flag is provided.
src/pages/Designer.tsx(526,29): error TS17004: Cannot use JSX unless the '--jsx' flag is provided.
src/pages/Designer.tsx(530,27): error TS17004: Cannot use JSX unless the '--jsx' flag is provided.
src/pages/Designer.tsx(541,13): error TS17004: Cannot use JSX unless the '--jsx' flag is provided.
src/pages/Designer.tsx(554,7): error TS17004: Cannot use JSX unless the '--jsx' flag is provided.
