src/components/designer/DpiIndicator.tsx(1,33): error TS2307: Cannot find module '@/types/editor' or its corresponding type declarations.
src/components/designer/DpiIndicator.tsx(38,5): error TS17004: Cannot use JSX unless the '--jsx' flag is provided.
src/components/designer/DpiIndicator.tsx(47,7): error TS17004: Cannot use JSX unless the '--jsx' flag is provided.
src/components/designer/DpiIndicator.tsx(49,7): error TS17004: Cannot use JSX unless the '--jsx' flag is provided.
src/components/designer/DpiIndicator.tsx(50,9): error TS17004: Cannot use JSX unless the '--jsx' flag is provided.
src/components/designer/DpiIndicator.tsx(51,9): error TS17004: Cannot use JSX unless the '--jsx' flag is provided.
src/hooks/useDpiCalculation.ts(2,63): error TS2307: Cannot find module '@/types/editor' or its corresponding type declarations.
