src/pages/MockupsLibrary.tsx(2442,46): error TS2307: Cannot find module '@/lib/api' or its corresponding type declarations.
src/pages/MockupsLibrary.tsx(2443,24): error TS2307: Cannot find module '@/components/ui/button' or its corresponding type declarations.
src/pages/MockupsLibrary.tsx(2444,75): error TS2307: Cannot find module '@/components/ui/card' or its corresponding type declarations.
src/pages/MockupsLibrary.tsx(2445,58): error TS2307: Cannot find module '@/components/ui/tabs' or its corresponding type declarations.
src/pages/MockupsLibrary.tsx(2446,28): error TS2307: Cannot find module '@/components/ui/scroll-area' or its corresponding type declarations.
src/pages/MockupsLibrary.tsx(2448,39): error TS2307: Cannot find module '@/components/admin/RealisticWebGLPreview' or its corresponding type declarations.
src/pages/MockupsLibrary.tsx(2449,60): error TS2307: Cannot find module '@/types/product' or its corresponding type declarations.
src/pages/MockupsLibrary.tsx(2451,43): error TS2307: Cannot find module '@/config' or its corresponding type declarations.
src/pages/MockupsLibrary.tsx(2452,20): error TS2307: Cannot find module '@/lib/utils' or its corresponding type declarations.
src/pages/MockupsLibrary.tsx(2453,23): error TS2307: Cannot find module '@/components/ui/badge' or its corresponding type declarations.
src/pages/MockupsLibrary.tsx(2454,26): error TS2307: Cannot find module '@/components/ui/progress' or its corresponding type declarations.
